../Core/Src/main.c:79:5:main	104	static
../Core/Src/main.c:164:6:SystemClock_Config	72	static
../Core/Src/main.c:203:13:MX_USART2_UART_Init	8	static
../Core/Src/main.c:236:13:MX_GPIO_Init	40	static
../Core/Src/main.c:274:6:cli_transmit	16	static
../Core/Src/main.c:282:5:cli_receive	24	static
../Core/Src/main.c:319:6:StartFirstTask	24	static
../Core/Src/main.c:333:6:StartReceiveTask	176	static
../Core/Src/main.c:367:6:StartUpdateTask	72	static
../Core/Src/main.c:391:6:HAL_TIM_PeriodElapsedCallback	16	static
../Core/Src/main.c:408:6:Error_Handler	4	static,ignoring_inline_asm
