../Core/Src/main.c:26:5:main	104	static
../Core/Src/main.c:50:6:SystemClock_Config	72	static
../Core/Src/main.c:78:13:MX_TIM2_Init	32	static
../Core/Src/main.c:106:13:MX_USART2_UART_Init	8	static
../Core/Src/main.c:122:13:MX_GPIO_Init	40	static
../Core/Src/main.c:153:6:StartDefaultTask	24	static
../Core/Src/main.c:172:6:StatusWindowTask	16	static
../Core/Src/main.c:182:6:ProcessUserInputTask	232	static
../Core/Src/main.c:271:6:UpdateInputWindow	320	static
../Core/Src/main.c:289:6:UpdateStatusWindow	136	static
../Core/Src/main.c:307:6:UpdateElevatorVisuals	816	static
../Core/Src/main.c:325:6:Error_Handler	4	static,ignoring_inline_asm
